// Jest Snapshot v1, https://goo.gl/fbAQLP

exports[`test App.js 1`] = `
<div>
  test
</div>
`;
